// Jest Snapshot v1, https://goo.gl/fbAQLP

exports[`GenreSelect should match snapshot 1`] = `
<fieldset>
  <legend>
    Select Genre
  </legend>
  <div>
    <input
      defaultChecked="checked"
      id="Documentary"
      name="Documentary"
      onClick={[Function]}
      type="checkbox"
      value="Documentary"
    />
    <label
      htmlFor="Documentary"
      role="label"
    >
      Documentary
    </label>
  </div>
  <div>
    <input
      defaultChecked="checked"
      id="Comedy"
      name="Comedy"
      onClick={[Function]}
      type="checkbox"
      value="Comedy"
    />
    <label
      htmlFor="Comedy"
      role="label"
    >
      Comedy
    </label>
  </div>
  <div>
    <input
      defaultChecked=""
      id="Horror"
      name="Horror"
      onClick={[Function]}
      type="checkbox"
      value="Horror"
    />
    <label
      htmlFor="Horror"
      role="label"
    >
      Horror
    </label>
  </div>
  <div>
    <input
      defaultChecked=""
      id="Crime"
      name="Crime"
      onClick={[Function]}
      type="checkbox"
      value="Crime"
    />
    <label
      htmlFor="Crime"
      role="label"
    >
      Crime
    </label>
  </div>
</fieldset>
`;
